../Core/Src/main.c:69:6:HAL_UART_RxCpltCallback	16	static
../Core/Src/main.c:78:6:Forward	8	static
../Core/Src/main.c:93:6:Back	8	static
../Core/Src/main.c:108:6:Left	8	static
../Core/Src/main.c:123:6:Right	8	static
../Core/Src/main.c:138:6:Stop	8	static
../Core/Src/main.c:159:5:main	8	static
../Core/Src/main.c:218:6:SystemClock_Config	72	static
../Core/Src/main.c:255:13:MX_TIM8_Init	96	static
../Core/Src/main.c:341:13:MX_USART1_UART_Init	8	static
../Core/Src/main.c:372:13:MX_USART3_UART_Init	8	static
../Core/Src/main.c:403:13:MX_GPIO_Init	40	static
../Core/Src/main.c:454:6:Error_Handler	4	static,ignoring_inline_asm
