11:51:04 **** Incremental Build of configuration Release for project Blink_New002 ****
Info: Internal Builder is used for build
arm-atollic-eabi-gcc -c -mthumb -mcpu=cortex-m3 -std=gnu11 -DUSE_HAL_DRIVER -DSTM32F103xE -I../Core/Inc -I../Drivers/STM32F1xx_HAL_Driver/Inc -I../Drivers/STM32F1xx_HAL_Driver/Inc/Legacy -I../Drivers/CMSIS/Device/ST/STM32F1xx/Include -I../Drivers/CMSIS/Include -ffunction-sections -fdata-sections -fstack-usage -Wall -specs=nano.specs -o Drivers/STM32F1xx_HAL_Driver/Src/stm32f1xx_hal_gpio.o ../Drivers/STM32F1xx_HAL_Driver/Src/stm32f1xx_hal_gpio.c 
arm-atollic-eabi-gcc -c -mthumb -mcpu=cortex-m3 -std=gnu11 -DUSE_HAL_DRIVER -DSTM32F103xE -I../Core/Inc -I../Drivers/STM32F1xx_HAL_Driver/Inc -I../Drivers/STM32F1xx_HAL_Driver/Inc/Legacy -I../Drivers/CMSIS/Device/ST/STM32F1xx/Include -I../Drivers/CMSIS/Include -ffunction-sections -fdata-sections -fstack-usage -Wall -specs=nano.specs -o Drivers/STM32F1xx_HAL_Driver/Src/stm32f1xx_hal_tim.o ../Drivers/STM32F1xx_HAL_Driver/Src/stm32f1xx_hal_tim.c 
arm-atollic-eabi-gcc -c -mthumb -mcpu=cortex-m3 -std=gnu11 -DUSE_HAL_DRIVER -DSTM32F103xE -I../Core/Inc -I../Drivers/STM32F1xx_HAL_Driver/Inc -I../Drivers/STM32F1xx_HAL_Driver/Inc/Legacy -I../Drivers/CMSIS/Device/ST/STM32F1xx/Include -I../Drivers/CMSIS/Include -ffunction-sections -fdata-sections -fstack-usage -Wall -specs=nano.specs -o Core/Src/stm32f1xx_hal_msp.o ../Core/Src/stm32f1xx_hal_msp.c 
arm-atollic-eabi-gcc -c -mthumb -mcpu=cortex-m3 -std=gnu11 -DUSE_HAL_DRIVER -DSTM32F103xE -I../Core/Inc -I../Drivers/STM32F1xx_HAL_Driver/Inc -I../Drivers/STM32F1xx_HAL_Driver/Inc/Legacy -I../Drivers/CMSIS/Device/ST/STM32F1xx/Include -I../Drivers/CMSIS/Include -ffunction-sections -fdata-sections -fstack-usage -Wall -specs=nano.specs -o Drivers/STM32F1xx_HAL_Driver/Src/stm32f1xx_hal_pwr.o ../Drivers/STM32F1xx_HAL_Driver/Src/stm32f1xx_hal_pwr.c 
arm-atollic-eabi-gcc -c -mthumb -mcpu=cortex-m3 -std=gnu11 -DUSE_HAL_DRIVER -DSTM32F103xE -I../Core/Inc -I../Drivers/STM32F1xx_HAL_Driver/Inc -I../Drivers/STM32F1xx_HAL_Driver/Inc/Legacy -I../Drivers/CMSIS/Device/ST/STM32F1xx/Include -I../Drivers/CMSIS/Include -ffunction-sections -fdata-sections -fstack-usage -Wall -specs=nano.specs -o Core/Src/system_stm32f1xx.o ../Core/Src/system_stm32f1xx.c 
arm-atollic-eabi-gcc -c -mthumb -mcpu=cortex-m3 -std=gnu11 -DUSE_HAL_DRIVER -DSTM32F103xE -I../Core/Inc -I../Drivers/STM32F1xx_HAL_Driver/Inc -I../Drivers/STM32F1xx_HAL_Driver/Inc/Legacy -I../Drivers/CMSIS/Device/ST/STM32F1xx/Include -I../Drivers/CMSIS/Include -ffunction-sections -fdata-sections -fstack-usage -Wall -specs=nano.specs -o Core/Src/stm32f1xx_it.o ../Core/Src/stm32f1xx_it.c 
arm-atollic-eabi-gcc -c -mthumb -mcpu=cortex-m3 -std=gnu11 -DUSE_HAL_DRIVER -DSTM32F103xE -I../Core/Inc -I../Drivers/STM32F1xx_HAL_Driver/Inc -I../Drivers/STM32F1xx_HAL_Driver/Inc/Legacy -I../Drivers/CMSIS/Device/ST/STM32F1xx/Include -I../Drivers/CMSIS/Include -ffunction-sections -fdata-sections -fstack-usage -Wall -specs=nano.specs -o Drivers/STM32F1xx_HAL_Driver/Src/stm32f1xx_hal_flash_ex.o ../Drivers/STM32F1xx_HAL_Driver/Src/stm32f1xx_hal_flash_ex.c 
arm-atollic-eabi-gcc -c -mthumb -mcpu=cortex-m3 -std=gnu11 -DUSE_HAL_DRIVER -DSTM32F103xE -I../Core/Inc -I../Drivers/STM32F1xx_HAL_Driver/Inc -I../Drivers/STM32F1xx_HAL_Driver/Inc/Legacy -I../Drivers/CMSIS/Device/ST/STM32F1xx/Include -I../Drivers/CMSIS/Include -ffunction-sections -fdata-sections -fstack-usage -Wall -specs=nano.specs -o Drivers/STM32F1xx_HAL_Driver/Src/stm32f1xx_hal_exti.o ../Drivers/STM32F1xx_HAL_Driver/Src/stm32f1xx_hal_exti.c 
arm-atollic-eabi-gcc -c -mthumb -mcpu=cortex-m3 -std=gnu11 -DUSE_HAL_DRIVER -DSTM32F103xE -I../Core/Inc -I../Drivers/STM32F1xx_HAL_Driver/Inc -I../Drivers/STM32F1xx_HAL_Driver/Inc/Legacy -I../Drivers/CMSIS/Device/ST/STM32F1xx/Include -I../Drivers/CMSIS/Include -ffunction-sections -fdata-sections -fstack-usage -Wall -specs=nano.specs -o Drivers/STM32F1xx_HAL_Driver/Src/stm32f1xx_hal_rcc_ex.o ../Drivers/STM32F1xx_HAL_Driver/Src/stm32f1xx_hal_rcc_ex.c 
arm-atollic-eabi-gcc -c -mthumb -mcpu=cortex-m3 -std=gnu11 -DUSE_HAL_DRIVER -DSTM32F103xE -I../Core/Inc -I../Drivers/STM32F1xx_HAL_Driver/Inc -I../Drivers/STM32F1xx_HAL_Driver/Inc/Legacy -I../Drivers/CMSIS/Device/ST/STM32F1xx/Include -I../Drivers/CMSIS/Include -ffunction-sections -fdata-sections -fstack-usage -Wall -specs=nano.specs -o Drivers/STM32F1xx_HAL_Driver/Src/stm32f1xx_hal_gpio_ex.o ../Drivers/STM32F1xx_HAL_Driver/Src/stm32f1xx_hal_gpio_ex.c 
arm-atollic-eabi-gcc -c -mthumb -mcpu=cortex-m3 -std=gnu11 -DUSE_HAL_DRIVER -DSTM32F103xE -I../Core/Inc -I../Drivers/STM32F1xx_HAL_Driver/Inc -I../Drivers/STM32F1xx_HAL_Driver/Inc/Legacy -I../Drivers/CMSIS/Device/ST/STM32F1xx/Include -I../Drivers/CMSIS/Include -ffunction-sections -fdata-sections -fstack-usage -Wall -specs=nano.specs -o Drivers/STM32F1xx_HAL_Driver/Src/stm32f1xx_hal_rcc.o ../Drivers/STM32F1xx_HAL_Driver/Src/stm32f1xx_hal_rcc.c 
arm-atollic-eabi-gcc -c -mthumb -mcpu=cortex-m3 -std=gnu11 -DUSE_HAL_DRIVER -DSTM32F103xE -I../Core/Inc -I../Drivers/STM32F1xx_HAL_Driver/Inc -I../Drivers/STM32F1xx_HAL_Driver/Inc/Legacy -I../Drivers/CMSIS/Device/ST/STM32F1xx/Include -I../Drivers/CMSIS/Include -ffunction-sections -fdata-sections -fstack-usage -Wall -specs=nano.specs -o Drivers/STM32F1xx_HAL_Driver/Src/stm32f1xx_hal_tim_ex.o ../Drivers/STM32F1xx_HAL_Driver/Src/stm32f1xx_hal_tim_ex.c 
arm-atollic-eabi-gcc -c -mthumb -mcpu=cortex-m3 -std=gnu11 -DUSE_HAL_DRIVER -DSTM32F103xE -I../Core/Inc -I../Drivers/STM32F1xx_HAL_Driver/Inc -I../Drivers/STM32F1xx_HAL_Driver/Inc/Legacy -I../Drivers/CMSIS/Device/ST/STM32F1xx/Include -I../Drivers/CMSIS/Include -ffunction-sections -fdata-sections -fstack-usage -Wall -specs=nano.specs -o Core/Src/main.o ../Core/Src/main.c 
arm-atollic-eabi-gcc -c -mthumb -mcpu=cortex-m3 -std=gnu11 -DUSE_HAL_DRIVER -DSTM32F103xE -I../Core/Inc -I../Drivers/STM32F1xx_HAL_Driver/Inc -I../Drivers/STM32F1xx_HAL_Driver/Inc/Legacy -I../Drivers/CMSIS/Device/ST/STM32F1xx/Include -I../Drivers/CMSIS/Include -ffunction-sections -fdata-sections -fstack-usage -Wall -specs=nano.specs -o Core/Src/syscalls.o ../Core/Src/syscalls.c 
arm-atollic-eabi-gcc -c -mthumb -mcpu=cortex-m3 -std=gnu11 -DUSE_HAL_DRIVER -DSTM32F103xE -I../Core/Inc -I../Drivers/STM32F1xx_HAL_Driver/Inc -I../Drivers/STM32F1xx_HAL_Driver/Inc/Legacy -I../Drivers/CMSIS/Device/ST/STM32F1xx/Include -I../Drivers/CMSIS/Include -ffunction-sections -fdata-sections -fstack-usage -Wall -specs=nano.specs -o Drivers/STM32F1xx_HAL_Driver/Src/stm32f1xx_hal_dma.o ../Drivers/STM32F1xx_HAL_Driver/Src/stm32f1xx_hal_dma.c 
arm-atollic-eabi-gcc -c -mthumb -mcpu=cortex-m3 -std=gnu11 -DUSE_HAL_DRIVER -DSTM32F103xE -I../Core/Inc -I../Drivers/STM32F1xx_HAL_Driver/Inc -I../Drivers/STM32F1xx_HAL_Driver/Inc/Legacy -I../Drivers/CMSIS/Device/ST/STM32F1xx/Include -I../Drivers/CMSIS/Include -ffunction-sections -fdata-sections -fstack-usage -Wall -specs=nano.specs -o Drivers/STM32F1xx_HAL_Driver/Src/stm32f1xx_hal_cortex.o ../Drivers/STM32F1xx_HAL_Driver/Src/stm32f1xx_hal_cortex.c 
arm-atollic-eabi-gcc -c -mthumb -mcpu=cortex-m3 -std=gnu11 -DUSE_HAL_DRIVER -DSTM32F103xE -I../Core/Inc -I../Drivers/STM32F1xx_HAL_Driver/Inc -I../Drivers/STM32F1xx_HAL_Driver/Inc/Legacy -I../Drivers/CMSIS/Device/ST/STM32F1xx/Include -I../Drivers/CMSIS/Include -ffunction-sections -fdata-sections -fstack-usage -Wall -specs=nano.specs -o Drivers/STM32F1xx_HAL_Driver/Src/stm32f1xx_hal.o ../Drivers/STM32F1xx_HAL_Driver/Src/stm32f1xx_hal.c 
arm-atollic-eabi-gcc -c -mthumb -mcpu=cortex-m3 -std=gnu11 -DUSE_HAL_DRIVER -DSTM32F103xE -I../Core/Inc -I../Drivers/STM32F1xx_HAL_Driver/Inc -I../Drivers/STM32F1xx_HAL_Driver/Inc/Legacy -I../Drivers/CMSIS/Device/ST/STM32F1xx/Include -I../Drivers/CMSIS/Include -ffunction-sections -fdata-sections -fstack-usage -Wall -specs=nano.specs -o Drivers/STM32F1xx_HAL_Driver/Src/stm32f1xx_hal_flash.o ../Drivers/STM32F1xx_HAL_Driver/Src/stm32f1xx_hal_flash.c 
arm-atollic-eabi-gcc -c -mthumb -mcpu=cortex-m3 -Wa,--no-warn -x assembler-with-cpp -specs=nano.specs -o startup/startup_stm32f103xe.o ../startup/startup_stm32f103xe.s 
arm-atollic-eabi-gcc -o Blink_New002.elf Core/Src/main.o Core/Src/stm32f1xx_hal_msp.o Core/Src/stm32f1xx_it.o Core/Src/syscalls.o Core/Src/system_stm32f1xx.o Drivers/STM32F1xx_HAL_Driver/Src/stm32f1xx_hal.o Drivers/STM32F1xx_HAL_Driver/Src/stm32f1xx_hal_cortex.o Drivers/STM32F1xx_HAL_Driver/Src/stm32f1xx_hal_dma.o Drivers/STM32F1xx_HAL_Driver/Src/stm32f1xx_hal_exti.o Drivers/STM32F1xx_HAL_Driver/Src/stm32f1xx_hal_flash.o Drivers/STM32F1xx_HAL_Driver/Src/stm32f1xx_hal_flash_ex.o Drivers/STM32F1xx_HAL_Driver/Src/stm32f1xx_hal_gpio.o Drivers/STM32F1xx_HAL_Driver/Src/stm32f1xx_hal_gpio_ex.o Drivers/STM32F1xx_HAL_Driver/Src/stm32f1xx_hal_pwr.o Drivers/STM32F1xx_HAL_Driver/Src/stm32f1xx_hal_rcc.o Drivers/STM32F1xx_HAL_Driver/Src/stm32f1xx_hal_rcc_ex.o Drivers/STM32F1xx_HAL_Driver/Src/stm32f1xx_hal_tim.o Drivers/STM32F1xx_HAL_Driver/Src/stm32f1xx_hal_tim_ex.o startup/startup_stm32f103xe.o -mthumb -mcpu=cortex-m3 -T../STM32F103RC_FLASH.ld -specs=nosys.specs -static -Wl,-Map=Blink_New002.map -Wl,--gc-sections -Wl,--defsym=malloc_getpagesize_P=0x80 -Wl,--start-group -lc -lm -Wl,--end-group -specs=nano.specs 
/opt/Atollic_TrueSTUDIO_for_STM32_x86_64_9.3.0/ide/jre/bin/java -jar /opt/Atollic_TrueSTUDIO_for_STM32_x86_64_9.3.0/Tools/arm-atollic-reports.jar sizeinfo list Blink_New002.elf 
Generate build reports...
Print size information
   text	   data	    bss	    dec	    hex	filename
   4820	     20	   1568	   6408	   1908	Blink_New002.elf
Print size information done
Generate listing file
Output sent to: Blink_New002.list
Generate listing file done
Generate build reports done
arm-atollic-eabi-objcopy -O ihex Blink_New002.elf Blink_New002.hex 
Info: Parallel threads used: 4
11:52:20 **** Incremental Build of configuration Release for project Blink_New002 ****
Info: Internal Builder is used for build
arm-atollic-eabi-objcopy -O ihex Blink_New002.elf Blink_New002.hex 
Info: Parallel threads used: 0
