Archive member included to satisfy reference by file (symbol)

/opt/st/stm32cubeide_1.9.0/plugins/com.st.stm32cube.ide.mcu.externaltools.gnu-tools-for-stm32.10.3-2021.10.linux64_1.0.0.202111181127/tools/bin/../lib/gcc/arm-none-eabi/10.3.1/../../../../arm-none-eabi/lib/thumb/v7-m/nofp/libc_nano.a(lib_a-errno.o)
                              ./Core/Src/syscalls.o (__errno)
/opt/st/stm32cubeide_1.9.0/plugins/com.st.stm32cube.ide.mcu.externaltools.gnu-tools-for-stm32.10.3-2021.10.linux64_1.0.0.202111181127/tools/bin/../lib/gcc/arm-none-eabi/10.3.1/../../../../arm-none-eabi/lib/thumb/v7-m/nofp/libc_nano.a(lib_a-exit.o)
                              /opt/st/stm32cubeide_1.9.0/plugins/com.st.stm32cube.ide.mcu.externaltools.gnu-tools-for-stm32.10.3-2021.10.linux64_1.0.0.202111181127/tools/bin/../lib/gcc/arm-none-eabi/10.3.1/../../../../arm-none-eabi/lib/thumb/v7-m/nofp/crt0.o (exit)
/opt/st/stm32cubeide_1.9.0/plugins/com.st.stm32cube.ide.mcu.externaltools.gnu-tools-for-stm32.10.3-2021.10.linux64_1.0.0.202111181127/tools/bin/../lib/gcc/arm-none-eabi/10.3.1/../../../../arm-none-eabi/lib/thumb/v7-m/nofp/libc_nano.a(lib_a-impure.o)
                              /opt/st/stm32cubeide_1.9.0/plugins/com.st.stm32cube.ide.mcu.externaltools.gnu-tools-for-stm32.10.3-2021.10.linux64_1.0.0.202111181127/tools/bin/../lib/gcc/arm-none-eabi/10.3.1/../../../../arm-none-eabi/lib/thumb/v7-m/nofp/libc_nano.a(lib_a-exit.o) (_global_impure_ptr)
/opt/st/stm32cubeide_1.9.0/plugins/com.st.stm32cube.ide.mcu.externaltools.gnu-tools-for-stm32.10.3-2021.10.linux64_1.0.0.202111181127/tools/bin/../lib/gcc/arm-none-eabi/10.3.1/../../../../arm-none-eabi/lib/thumb/v7-m/nofp/libc_nano.a(lib_a-init.o)
                              /opt/st/stm32cubeide_1.9.0/plugins/com.st.stm32cube.ide.mcu.externaltools.gnu-tools-for-stm32.10.3-2021.10.linux64_1.0.0.202111181127/tools/bin/../lib/gcc/arm-none-eabi/10.3.1/../../../../arm-none-eabi/lib/thumb/v7-m/nofp/crt0.o (__libc_init_array)
/opt/st/stm32cubeide_1.9.0/plugins/com.st.stm32cube.ide.mcu.externaltools.gnu-tools-for-stm32.10.3-2021.10.linux64_1.0.0.202111181127/tools/bin/../lib/gcc/arm-none-eabi/10.3.1/../../../../arm-none-eabi/lib/thumb/v7-m/nofp/libc_nano.a(lib_a-memset.o)
                              /opt/st/stm32cubeide_1.9.0/plugins/com.st.stm32cube.ide.mcu.externaltools.gnu-tools-for-stm32.10.3-2021.10.linux64_1.0.0.202111181127/tools/bin/../lib/gcc/arm-none-eabi/10.3.1/../../../../arm-none-eabi/lib/thumb/v7-m/nofp/crt0.o (memset)

Discarded input sections

 .text          0x0000000000000000        0x0 /opt/st/stm32cubeide_1.9.0/plugins/com.st.stm32cube.ide.mcu.externaltools.gnu-tools-for-stm32.10.3-2021.10.linux64_1.0.0.202111181127/tools/bin/../lib/gcc/arm-none-eabi/10.3.1/thumb/v7-m/nofp/crti.o
 .data          0x0000000000000000        0x0 /opt/st/stm32cubeide_1.9.0/plugins/com.st.stm32cube.ide.mcu.externaltools.gnu-tools-for-stm32.10.3-2021.10.linux64_1.0.0.202111181127/tools/bin/../lib/gcc/arm-none-eabi/10.3.1/thumb/v7-m/nofp/crti.o
 .bss           0x0000000000000000        0x0 /opt/st/stm32cubeide_1.9.0/plugins/com.st.stm32cube.ide.mcu.externaltools.gnu-tools-for-stm32.10.3-2021.10.linux64_1.0.0.202111181127/tools/bin/../lib/gcc/arm-none-eabi/10.3.1/thumb/v7-m/nofp/crti.o
 .data          0x0000000000000000        0x4 /opt/st/stm32cubeide_1.9.0/plugins/com.st.stm32cube.ide.mcu.externaltools.gnu-tools-for-stm32.10.3-2021.10.linux64_1.0.0.202111181127/tools/bin/../lib/gcc/arm-none-eabi/10.3.1/thumb/v7-m/nofp/crtbegin.o
 .rodata        0x0000000000000000       0x24 /opt/st/stm32cubeide_1.9.0/plugins/com.st.stm32cube.ide.mcu.externaltools.gnu-tools-for-stm32.10.3-2021.10.linux64_1.0.0.202111181127/tools/bin/../lib/gcc/arm-none-eabi/10.3.1/thumb/v7-m/nofp/crtbegin.o
 .text          0x0000000000000000       0x7c /opt/st/stm32cubeide_1.9.0/plugins/com.st.stm32cube.ide.mcu.externaltools.gnu-tools-for-stm32.10.3-2021.10.linux64_1.0.0.202111181127/tools/bin/../lib/gcc/arm-none-eabi/10.3.1/../../../../arm-none-eabi/lib/thumb/v7-m/nofp/crt0.o
 .data          0x0000000000000000        0x0 /opt/st/stm32cubeide_1.9.0/plugins/com.st.stm32cube.ide.mcu.externaltools.gnu-tools-for-stm32.10.3-2021.10.linux64_1.0.0.202111181127/tools/bin/../lib/gcc/arm-none-eabi/10.3.1/../../../../arm-none-eabi/lib/thumb/v7-m/nofp/crt0.o
 .bss           0x0000000000000000        0x0 /opt/st/stm32cubeide_1.9.0/plugins/com.st.stm32cube.ide.mcu.externaltools.gnu-tools-for-stm32.10.3-2021.10.linux64_1.0.0.202111181127/tools/bin/../lib/gcc/arm-none-eabi/10.3.1/../../../../arm-none-eabi/lib/thumb/v7-m/nofp/crt0.o
 .ARM.extab     0x0000000000000000        0x0 /opt/st/stm32cubeide_1.9.0/plugins/com.st.stm32cube.ide.mcu.externaltools.gnu-tools-for-stm32.10.3-2021.10.linux64_1.0.0.202111181127/tools/bin/../lib/gcc/arm-none-eabi/10.3.1/../../../../arm-none-eabi/lib/thumb/v7-m/nofp/crt0.o
[...]
Memory Configuration

Name             Origin             Length             Attributes
RAM              0x0000000020000000 0x000000000000c000 xrw
FLASH            0x0000000008000000 0x0000000000040000 xr
*default*        0x0000000000000000 0xffffffffffffffff

Linker script and memory map

LOAD /opt/st/stm32cubeide_1.9.0/plugins/com.st.stm32cube.ide.mcu.externaltools.gnu-tools-for-stm32.10.3-2021.10.linux64_1.0.0.202111181127/tools/bin/../lib/gcc/arm-none-eabi/10.3.1/thumb/v7-m/nofp/crti.o
LOAD /opt/st/stm32cubeide_1.9.0/plugins/com.st.stm32cube.ide.mcu.externaltools.gnu-tools-for-stm32.10.3-2021.10.linux64_1.0.0.202111181127/tools/bin/../lib/gcc/arm-none-eabi/10.3.1/thumb/v7-m/nofp/crtbegin.o
LOAD /opt/st/stm32cubeide_1.9.0/plugins/com.st.stm32cube.ide.mcu.externaltools.gnu-tools-for-stm32.10.3-2021.10.linux64_1.0.0.202111181127/tools/bin/../lib/gcc/arm-none-eabi/10.3.1/../../../../arm-none-eabi/lib/thumb/v7-m/nofp/crt0.o
LOAD ./Core/Src/main.o
LOAD ./Core/Src/stm32f1xx_hal_msp.o
LOAD ./Core/Src/stm32f1xx_it.o
LOAD ./Core/Src/syscalls.o
LOAD ./Core/Src/sysmem.o
LOAD ./Core/Src/system_stm32f1xx.o
LOAD ./Core/Startup/startup_stm32f103rctx.o
LOAD ./Drivers/STM32F1xx_HAL_Driver/Src/stm32f1xx_hal.o
LOAD ./Drivers/STM32F1xx_HAL_Driver/Src/stm32f1xx_hal_cortex.o
LOAD ./Drivers/STM32F1xx_HAL_Driver/Src/stm32f1xx_hal_dma.o
LOAD ./Drivers/STM32F1xx_HAL_Driver/Src/stm32f1xx_hal_exti.o
LOAD ./Drivers/STM32F1xx_HAL_Driver/Src/stm32f1xx_hal_flash.o
LOAD ./Drivers/STM32F1xx_HAL_Driver/Src/stm32f1xx_hal_flash_ex.o
LOAD ./Drivers/STM32F1xx_HAL_Driver/Src/stm32f1xx_hal_gpio.o
LOAD ./Drivers/STM32F1xx_HAL_Driver/Src/stm32f1xx_hal_gpio_ex.o
LOAD ./Drivers/STM32F1xx_HAL_Driver/Src/stm32f1xx_hal_pwr.o
LOAD ./Drivers/STM32F1xx_HAL_Driver/Src/stm32f1xx_hal_rcc.o
LOAD ./Drivers/STM32F1xx_HAL_Driver/Src/stm32f1xx_hal_rcc_ex.o
LOAD ./Drivers/STM32F1xx_HAL_Driver/Src/stm32f1xx_hal_tim.o
LOAD ./Drivers/STM32F1xx_HAL_Driver/Src/stm32f1xx_hal_tim_ex.o
LOAD ./Drivers/STM32F1xx_HAL_Driver/Src/stm32f1xx_hal_uart.o
START GROUP
LOAD /opt/st/stm32cubeide_1.9.0/plugins/com.st.stm32cube.ide.mcu.externaltools.gnu-tools-for-stm32.10.3-2021.10.linux64_1.0.0.202111181127/tools/bin/../lib/gcc/arm-none-eabi/10.3.1/../../../../arm-none-eabi/lib/thumb/v7-m/nofp/libc_nano.a
LOAD /opt/st/stm32cubeide_1.9.0/plugins/com.st.stm32cube.ide.mcu.externaltools.gnu-tools-for-stm32.10.3-2021.10.linux64_1.0.0.202111181127/tools/bin/../lib/gcc/arm-none-eabi/10.3.1/../../../../arm-none-eabi/lib/thumb/v7-m/nofp/libm.a
END GROUP
START GROUP
LOAD /opt/st/stm32cubeide_1.9.0/plugins/com.st.stm32cube.ide.mcu.externaltools.gnu-tools-for-stm32.10.3-2021.10.linux64_1.0.0.202111181127/tools/bin/../lib/gcc/arm-none-eabi/10.3.1/thumb/v7-m/nofp/libgcc.a
LOAD /opt/st/stm32cubeide_1.9.0/plugins/com.st.stm32cube.ide.mcu.externaltools.gnu-tools-for-stm32.10.3-2021.10.linux64_1.0.0.202111181127/tools/bin/../lib/gcc/arm-none-eabi/10.3.1/../../../../arm-none-eabi/lib/thumb/v7-m/nofp/libc_nano.a
END GROUP
START GROUP
LOAD /opt/st/stm32cubeide_1.9.0/plugins/com.st.stm32cube.ide.mcu.externaltools.gnu-tools-for-stm32.10.3-2021.10.linux64_1.0.0.202111181127/tools/bin/../lib/gcc/arm-none-eabi/10.3.1/thumb/v7-m/nofp/libgcc.a
LOAD /opt/st/stm32cubeide_1.9.0/plugins/com.st.stm32cube.ide.mcu.externaltools.gnu-tools-for-stm32.10.3-2021.10.linux64_1.0.0.202111181127/tools/bin/../lib/gcc/arm-none-eabi/10.3.1/../../../../arm-none-eabi/lib/thumb/v7-m/nofp/libc_nano.a
LOAD /opt/st/stm32cubeide_1.9.0/plugins/com.st.stm32cube.ide.mcu.externaltools.gnu-tools-for-stm32.10.3-2021.10.linux64_1.0.0.202111181127/tools/bin/../lib/gcc/arm-none-eabi/10.3.1/../../../../arm-none-eabi/lib/thumb/v7-m/nofp/libnosys.a
END GROUP
START GROUP
LOAD /opt/st/stm32cubeide_1.9.0/plugins/com.st.stm32cube.ide.mcu.externaltools.gnu-tools-for-stm32.10.3-2021.10.linux64_1.0.0.202111181127/tools/bin/../lib/gcc/arm-none-eabi/10.3.1/thumb/v7-m/nofp/libgcc.a
LOAD /opt/st/stm32cubeide_1.9.0/plugins/com.st.stm32cube.ide.mcu.externaltools.gnu-tools-for-stm32.10.3-2021.10.linux64_1.0.0.202111181127/tools/bin/../lib/gcc/arm-none-eabi/10.3.1/../../../../arm-none-eabi/lib/thumb/v7-m/nofp/libc_nano.a
LOAD /opt/st/stm32cubeide_1.9.0/plugins/com.st.stm32cube.ide.mcu.externaltools.gnu-tools-for-stm32.10.3-2021.10.linux64_1.0.0.202111181127/tools/bin/../lib/gcc/arm-none-eabi/10.3.1/../../../../arm-none-eabi/lib/thumb/v7-m/nofp/libnosys.a
END GROUP
LOAD /opt/st/stm32cubeide_1.9.0/plugins/com.st.stm32cube.ide.mcu.externaltools.gnu-tools-for-stm32.10.3-2021.10.linux64_1.0.0.202111181127/tools/bin/../lib/gcc/arm-none-eabi/10.3.1/thumb/v7-m/nofp/crtend.o
LOAD /opt/st/stm32cubeide_1.9.0/plugins/com.st.stm32cube.ide.mcu.externaltools.gnu-tools-for-stm32.10.3-2021.10.linux64_1.0.0.202111181127/tools/bin/../lib/gcc/arm-none-eabi/10.3.1/thumb/v7-m/nofp/crtn.o
                0x000000002000c000                _estack = (ORIGIN (RAM) + LENGTH (RAM))
                0x0000000000000200                _Min_Heap_Size = 0x200
                0x0000000000000400                _Min_Stack_Size = 0x400

.isr_vector     0x0000000008000000      0x1e4
                0x0000000008000000                . = ALIGN (0x4)
 *(.isr_vector)
 .isr_vector    0x0000000008000000      0x1e4 ./Core/Startup/startup_stm32f103rctx.o
                0x0000000008000000                g_pfnVectors
                0x00000000080001e4                . = ALIGN (0x4)

.text           0x00000000080001e4     0x2180
                0x00000000080001e4                . = ALIGN (0x4)
 *(.text)
 .text          0x00000000080001e4       0x40 /opt/st/stm32cubeide_1.9.0/plugins/com.st.stm32cube.ide.mcu.externaltools.gnu-tools-for-stm32.10.3-2021.10.linux64_1.0.0.202111181127/tools/bin/../lib/gcc/arm-none-eabi/10.3.1/thumb/v7-m/nofp/crtbegin.o
 *(.text*)
 .text.HAL_UART_RxCpltCallback
                0x0000000008000224       0x4c ./Core/Src/main.o
                0x0000000008000224                HAL_UART_RxCpltCallback
 .text.main     0x0000000008000270       0x88 ./Core/Src/main.o
                0x0000000008000270                main
 .text.SystemClock_Config
                0x00000000080002f8       0x8a ./Core/Src/main.o
                0x00000000080002f8                SystemClock_Config
 *fill*         0x0000000008000382        0x2 
 .text.MX_USART1_UART_Init
                0x0000000008000384       0x54 ./Core/Src/main.o
 .text.MX_USART3_UART_Init
                0x00000000080003d8       0x54 ./Core/Src/main.o
 .text.MX_GPIO_Init
                0x000000000800042c       0xb0 ./Core/Src/main.o
 .text.Error_Handler
                0x00000000080004dc        0xa ./Core/Src/main.o
                0x00000000080004dc                Error_Handler
 *fill*         0x00000000080004e6        0x2 
 .text.HAL_MspInit
                0x00000000080004e8       0x64 ./Core/Src/stm32f1xx_hal_msp.o
                0x00000000080004e8                HAL_MspInit
 .text.HAL_UART_MspInit
                0x000000000800054c      0x130 ./Core/Src/stm32f1xx_hal_msp.o
                0x000000000800054c                HAL_UART_MspInit
 .text.NMI_Handler
                0x000000000800067c        0x6 ./Core/Src/stm32f1xx_it.o
                0x000000000800067c                NMI_Handler
 .text.HardFault_Handler
                0x0000000008000682        0x6 ./Core/Src/stm32f1xx_it.o
                0x0000000008000682                HardFault_Handler
 .text.MemManage_Handler
                0x0000000008000688        0x6 ./Core/Src/stm32f1xx_it.o
                0x0000000008000688                MemManage_Handler
 .text.BusFault_Handler
                0x000000000800068e        0x6 ./Core/Src/stm32f1xx_it.o
                0x000000000800068e                BusFault_Handler
 .text.UsageFault_Handler
                0x0000000008000694        0x6 ./Core/Src/stm32f1xx_it.o
                0x0000000008000694                UsageFault_Handler
 .text.SVC_Handler
                0x000000000800069a        0xc ./Core/Src/stm32f1xx_it.o
                0x000000000800069a                SVC_Handler
 .text.DebugMon_Handler
                0x00000000080006a6        0xc ./Core/Src/stm32f1xx_it.o
                0x00000000080006a6                DebugMon_Handler
 .text.PendSV_Handler
                0x00000000080006b2        0xc ./Core/Src/stm32f1xx_it.o
                0x00000000080006b2                PendSV_Handler
 .text.SysTick_Handler
                0x00000000080006be        0xc ./Core/Src/stm32f1xx_it.o
                0x00000000080006be                SysTick_Handler
 *fill*         0x00000000080006ca        0x2 
 .text.USART1_IRQHandler
                0x00000000080006cc       0x14 ./Core/Src/stm32f1xx_it.o
                0x00000000080006cc                USART1_IRQHandler
 .text.USART3_IRQHandler
                0x00000000080006e0       0x14 ./Core/Src/stm32f1xx_it.o
                0x00000000080006e0                USART3_IRQHandler
 .text.SystemInit
                0x00000000080006f4        0xc ./Core/Src/system_stm32f1xx.o
                0x00000000080006f4                SystemInit
 .text.Reset_Handler
                0x0000000008000700       0x48 ./Core/Startup/startup_stm32f103rctx.o
                0x0000000008000700                Reset_Handler
 .text.Default_Handler
                0x0000000008000748        0x2 ./Core/Startup/startup_stm32f103rctx.o
                0x0000000008000748                RTC_Alarm_IRQHandler
                0x0000000008000748                EXTI2_IRQHandler
                0x0000000008000748                TIM8_TRG_COM_IRQHandler
                0x0000000008000748                TIM8_CC_IRQHandler
                0x0000000008000748                TIM1_CC_IRQHandler
                0x0000000008000748                TIM6_IRQHandler
                0x0000000008000748                PVD_IRQHandler
                0x0000000008000748                SDIO_IRQHandler
                0x0000000008000748                EXTI3_IRQHandler
                0x0000000008000748                EXTI0_IRQHandler
                0x0000000008000748                I2C2_EV_IRQHandler
                0x0000000008000748                ADC1_2_IRQHandler
                0x0000000008000748                SPI1_IRQHandler
                0x0000000008000748                TAMPER_IRQHandler
                0x0000000008000748                TIM8_UP_IRQHandler
                0x0000000008000748                DMA2_Channel2_IRQHandler
                0x0000000008000748                DMA1_Channel4_IRQHandler
                0x0000000008000748                RTC_IRQHandler
                0x0000000008000748                DMA1_Channel7_IRQHandler
                0x0000000008000748                CAN1_RX1_IRQHandler
                0x0000000008000748                UART5_IRQHandler
                0x0000000008000748                ADC3_IRQHandler
                0x0000000008000748                TIM4_IRQHandler
                0x0000000008000748                DMA2_Channel1_IRQHandler
                0x0000000008000748                I2C1_EV_IRQHandler
                0x0000000008000748                DMA1_Channel6_IRQHandler
                0x0000000008000748                UART4_IRQHandler
                0x0000000008000748                TIM3_IRQHandler
                0x0000000008000748                RCC_IRQHandler
                0x0000000008000748                TIM1_TRG_COM_IRQHandler
                0x0000000008000748                DMA1_Channel1_IRQHandler
                0x0000000008000748                Default_Handler
                0x0000000008000748                EXTI15_10_IRQHandler
                0x0000000008000748                TIM7_IRQHandler
                0x0000000008000748                TIM5_IRQHandler
                0x0000000008000748                EXTI9_5_IRQHandler
                0x0000000008000748                SPI2_IRQHandler
                0x0000000008000748                DMA1_Channel5_IRQHandler
                0x0000000008000748                EXTI4_IRQHandler
                0x0000000008000748                USB_LP_CAN1_RX0_IRQHandler
                0x0000000008000748                USB_HP_CAN1_TX_IRQHandler
                0x0000000008000748                DMA1_Channel3_IRQHandler
                0x0000000008000748                FSMC_IRQHandler
                0x0000000008000748                TIM1_UP_IRQHandler
                0x0000000008000748                WWDG_IRQHandler
                0x0000000008000748                TIM2_IRQHandler
                0x0000000008000748                TIM1_BRK_IRQHandler
                0x0000000008000748                EXTI1_IRQHandler
                0x0000000008000748                DMA2_Channel4_5_IRQHandler
                0x0000000008000748                USART2_IRQHandler
                0x0000000008000748                I2C2_ER_IRQHandler
                0x0000000008000748                DMA1_Channel2_IRQHandler
                0x0000000008000748                TIM8_BRK_IRQHandler
                0x0000000008000748                CAN1_SCE_IRQHandler
                0x0000000008000748                FLASH_IRQHandler
                0x0000000008000748                SPI3_IRQHandler
                0x0000000008000748                I2C1_ER_IRQHandler
                0x0000000008000748                USBWakeUp_IRQHandler
                0x0000000008000748                DMA2_Channel3_IRQHandler
 *fill*         0x000000000800074a        0x2 
 .text.HAL_Init
                0x000000000800074c       0x2c ./Drivers/STM32F1xx_HAL_Driver/Src/stm32f1xx_hal.o
                0x000000000800074c                HAL_Init
 .text.HAL_InitTick
                0x0000000008000778       0x60 ./Drivers/STM32F1xx_HAL_Driver/Src/stm32f1xx_hal.o
                0x0000000008000778                HAL_InitTick
 .text.HAL_IncTick
                0x00000000080007d8       0x24 ./Drivers/STM32F1xx_HAL_Driver/Src/stm32f1xx_hal.o
                0x00000000080007d8                HAL_IncTick
 .text.HAL_GetTick
                0x00000000080007fc       0x14 ./Drivers/STM32F1xx_HAL_Driver/Src/stm32f1xx_hal.o
                0x00000000080007fc                HAL_GetTick
 .text.HAL_Delay
                0x0000000008000810       0x48 ./Drivers/STM32F1xx_HAL_Driver/Src/stm32f1xx_hal.o
                0x0000000008000810                HAL_Delay
 .text.__NVIC_SetPriorityGrouping
                0x0000000008000858       0x48 ./Drivers/STM32F1xx_HAL_Driver/Src/stm32f1xx_hal_cortex.o
 .text.__NVIC_GetPriorityGrouping
                0x00000000080008a0       0x1c ./Drivers/STM32F1xx_HAL_Driver/Src/stm32f1xx_hal_cortex.o
 .text.__NVIC_EnableIRQ
                0x00000000080008bc       0x38 ./Drivers/STM32F1xx_HAL_Driver/Src/stm32f1xx_hal_cortex.o
 .text.__NVIC_SetPriority
                0x00000000080008f4       0x54 ./Drivers/STM32F1xx_HAL_Driver/Src/stm32f1xx_hal_cortex.o
 .text.NVIC_EncodePriority
                0x0000000008000948       0x64 ./Drivers/STM32F1xx_HAL_Driver/Src/stm32f1xx_hal_cortex.o
 .text.SysTick_Config
                0x00000000080009ac       0x44 ./Drivers/STM32F1xx_HAL_Driver/Src/stm32f1xx_hal_cortex.o
 .text.HAL_NVIC_SetPriorityGrouping
                0x00000000080009f0       0x16 ./Drivers/STM32F1xx_HAL_Driver/Src/stm32f1xx_hal_cortex.o
                0x00000000080009f0                HAL_NVIC_SetPriorityGrouping
 .text.HAL_NVIC_SetPriority
                0x0000000008000a06       0x38 ./Drivers/STM32F1xx_HAL_Driver/Src/stm32f1xx_hal_cortex.o
                0x0000000008000a06                HAL_NVIC_SetPriority
 .text.HAL_NVIC_EnableIRQ
                0x0000000008000a3e       0x1c ./Drivers/STM32F1xx_HAL_Driver/Src/stm32f1xx_hal_cortex.o
                0x0000000008000a3e                HAL_NVIC_EnableIRQ
 .text.HAL_SYSTICK_Config
                0x0000000008000a5a       0x18 ./Drivers/STM32F1xx_HAL_Driver/Src/stm32f1xx_hal_cortex.o
                0x0000000008000a5a                HAL_SYSTICK_Config
 .text.HAL_DMA_Abort
                0x0000000008000a72       0x74 ./Drivers/STM32F1xx_HAL_Driver/Src/stm32f1xx_hal_dma.o
                0x0000000008000a72                HAL_DMA_Abort
 *fill*         0x0000000008000ae6        0x2 
 .text.HAL_DMA_Abort_IT
                0x0000000008000ae8      0x210 ./Drivers/STM32F1xx_HAL_Driver/Src/stm32f1xx_hal_dma.o
                0x0000000008000ae8                HAL_DMA_Abort_IT
 .text.HAL_GPIO_Init
                0x0000000008000cf8      0x328 ./Drivers/STM32F1xx_HAL_Driver/Src/stm32f1xx_hal_gpio.o
                0x0000000008000cf8                HAL_GPIO_Init
 .text.HAL_GPIO_WritePin
                0x0000000008001020       0x30 ./Drivers/STM32F1xx_HAL_Driver/Src/stm32f1xx_hal_gpio.o
                0x0000000008001020                HAL_GPIO_WritePin
 .text.HAL_RCC_OscConfig
                0x0000000008001050      0x504 ./Drivers/STM32F1xx_HAL_Driver/Src/stm32f1xx_hal_rcc.o
                0x0000000008001050                HAL_RCC_OscConfig
 .text.HAL_RCC_ClockConfig
                0x0000000008001554      0x1d4 ./Drivers/STM32F1xx_HAL_Driver/Src/stm32f1xx_hal_rcc.o
                0x0000000008001554                HAL_RCC_ClockConfig
 .text.HAL_RCC_GetSysClockFreq
                0x0000000008001728       0xbc ./Drivers/STM32F1xx_HAL_Driver/Src/stm32f1xx_hal_rcc.o
                0x0000000008001728                HAL_RCC_GetSysClockFreq
 .text.HAL_RCC_GetHCLKFreq
                0x00000000080017e4       0x14 ./Drivers/STM32F1xx_HAL_Driver/Src/stm32f1xx_hal_rcc.o
                0x00000000080017e4                HAL_RCC_GetHCLKFreq
 .text.HAL_RCC_GetPCLK1Freq
                0x00000000080017f8       0x28 ./Drivers/STM32F1xx_HAL_Driver/Src/stm32f1xx_hal_rcc.o
                0x00000000080017f8                HAL_RCC_GetPCLK1Freq
 .text.HAL_RCC_GetPCLK2Freq
                0x0000000008001820       0x28 ./Drivers/STM32F1xx_HAL_Driver/Src/stm32f1xx_hal_rcc.o
                0x0000000008001820                HAL_RCC_GetPCLK2Freq
 .text.RCC_Delay
                0x0000000008001848       0x3c ./Drivers/STM32F1xx_HAL_Driver/Src/stm32f1xx_hal_rcc.o
 .text.HAL_UART_Init
                0x0000000008001884       0x9a ./Drivers/STM32F1xx_HAL_Driver/Src/stm32f1xx_hal_uart.o
                0x0000000008001884                HAL_UART_Init
 .text.HAL_UART_Transmit
                0x000000000800191e      0x124 ./Drivers/STM32F1xx_HAL_Driver/Src/stm32f1xx_hal_uart.o
                0x000000000800191e                HAL_UART_Transmit
 .text.HAL_UART_Receive_IT
                0x0000000008001a42       0x60 ./Drivers/STM32F1xx_HAL_Driver/Src/stm32f1xx_hal_uart.o
                0x0000000008001a42                HAL_UART_Receive_IT
 *fill*         0x0000000008001aa2        0x2 
 .text.HAL_UART_IRQHandler
                0x0000000008001aa4      0x354 ./Drivers/STM32F1xx_HAL_Driver/Src/stm32f1xx_hal_uart.o
                0x0000000008001aa4                HAL_UART_IRQHandler
 .text.HAL_UART_TxCpltCallback
                0x0000000008001df8       0x12 ./Drivers/STM32F1xx_HAL_Driver/Src/stm32f1xx_hal_uart.o
                0x0000000008001df8                HAL_UART_TxCpltCallback
 .text.HAL_UART_ErrorCallback
                0x0000000008001e0a       0x12 ./Drivers/STM32F1xx_HAL_Driver/Src/stm32f1xx_hal_uart.o
                0x0000000008001e0a                HAL_UART_ErrorCallback
 .text.HAL_UARTEx_RxEventCallback
                0x0000000008001e1c       0x16 ./Drivers/STM32F1xx_HAL_Driver/Src/stm32f1xx_hal_uart.o
                0x0000000008001e1c                HAL_UARTEx_RxEventCallback
 .text.UART_WaitOnFlagUntilTimeout
                0x0000000008001e32       0x94 ./Drivers/STM32F1xx_HAL_Driver/Src/stm32f1xx_hal_uart.o
 .text.UART_Start_Receive_IT
                0x0000000008001ec6       0x72 ./Drivers/STM32F1xx_HAL_Driver/Src/stm32f1xx_hal_uart.o
                0x0000000008001ec6                UART_Start_Receive_IT
 .text.UART_EndRxTransfer
                0x0000000008001f38       0x58 ./Drivers/STM32F1xx_HAL_Driver/Src/stm32f1xx_hal_uart.o
 .text.UART_DMAAbortOnError
                0x0000000008001f90       0x28 ./Drivers/STM32F1xx_HAL_Driver/Src/stm32f1xx_hal_uart.o
 .text.UART_Transmit_IT
                0x0000000008001fb8       0x9e ./Drivers/STM32F1xx_HAL_Driver/Src/stm32f1xx_hal_uart.o
 .text.UART_EndTransmit_IT
                0x0000000008002056       0x30 ./Drivers/STM32F1xx_HAL_Driver/Src/stm32f1xx_hal_uart.o
 .text.UART_Receive_IT
                0x0000000008002086      0x152 ./Drivers/STM32F1xx_HAL_Driver/Src/stm32f1xx_hal_uart.o
 .text.UART_SetConfig
                0x00000000080021d8      0x11c ./Drivers/STM32F1xx_HAL_Driver/Src/stm32f1xx_hal_uart.o
 .text.__libc_init_array
                0x00000000080022f4       0x48 /opt/st/stm32cubeide_1.9.0/plugins/com.st.stm32cube.ide.mcu.externaltools.gnu-tools-for-stm32.10.3-2021.10.linux64_1.0.0.202111181127/tools/bin/../lib/gcc/arm-none-eabi/10.3.1/../../../../arm-none-eabi/lib/thumb/v7-m/nofp/libc_nano.a(lib_a-init.o)
                0x00000000080022f4                __libc_init_array
 .text.memset   0x000000000800233c       0x10 /opt/st/stm32cubeide_1.9.0/plugins/com.st.stm32cube.ide.mcu.externaltools.gnu-tools-for-stm32.10.3-2021.10.linux64_1.0.0.202111181127/tools/bin/../lib/gcc/arm-none-eabi/10.3.1/../../../../arm-none-eabi/lib/thumb/v7-m/nofp/libc_nano.a(lib_a-memset.o)
                0x000000000800233c                memset
 *(.glue_7)
 .glue_7        0x000000000800234c        0x0 linker stubs
 *(.glue_7t)
 .glue_7t       0x000000000800234c        0x0 linker stubs
 *(.eh_frame)
 .eh_frame      0x000000000800234c        0x0 /opt/st/stm32cubeide_1.9.0/plugins/com.st.stm32cube.ide.mcu.externaltools.gnu-tools-for-stm32.10.3-2021.10.linux64_1.0.0.202111181127/tools/bin/../lib/gcc/arm-none-eabi/10.3.1/thumb/v7-m/nofp/crtbegin.o
 *(.init)
 .init          0x000000000800234c        0x4 /opt/st/stm32cubeide_1.9.0/plugins/com.st.stm32cube.ide.mcu.externaltools.gnu-tools-for-stm32.10.3-2021.10.linux64_1.0.0.202111181127/tools/bin/../lib/gcc/arm-none-eabi/10.3.1/thumb/v7-m/nofp/crti.o
                0x000000000800234c                _init
 .init          0x0000000008002350        0x8 /opt/st/stm32cubeide_1.9.0/plugins/com.st.stm32cube.ide.mcu.externaltools.gnu-tools-for-stm32.10.3-2021.10.linux64_1.0.0.202111181127/tools/bin/../lib/gcc/arm-none-eabi/10.3.1/thumb/v7-m/nofp/crtn.o
 *(.fini)
 .fini          0x0000000008002358        0x4 /opt/st/stm32cubeide_1.9.0/plugins/com.st.stm32cube.ide.mcu.externaltools.gnu-tools-for-stm32.10.3-2021.10.linux64_1.0.0.202111181127/tools/bin/../lib/gcc/arm-none-eabi/10.3.1/thumb/v7-m/nofp/crti.o
                0x0000000008002358                _fini
 .fini          0x000000000800235c        0x8 /opt/st/stm32cubeide_1.9.0/plugins/com.st.stm32cube.ide.mcu.externaltools.gnu-tools-for-stm32.10.3-2021.10.linux64_1.0.0.202111181127/tools/bin/../lib/gcc/arm-none-eabi/10.3.1/thumb/v7-m/nofp/crtn.o
                0x0000000008002364                . = ALIGN (0x4)
                0x0000000008002364                _etext = .

.vfp11_veneer   0x0000000008002364        0x0
 .vfp11_veneer  0x0000000008002364        0x0 linker stubs

.v4_bx          0x0000000008002364        0x0
 .v4_bx         0x0000000008002364        0x0 linker stubs

.iplt           0x0000000008002364        0x0
 .iplt          0x0000000008002364        0x0 /opt/st/stm32cubeide_1.9.0/plugins/com.st.stm32cube.ide.mcu.externaltools.gnu-tools-for-stm32.10.3-2021.10.linux64_1.0.0.202111181127/tools/bin/../lib/gcc/arm-none-eabi/10.3.1/thumb/v7-m/nofp/crtbegin.o

.rodata         0x0000000008002364       0x28
                0x0000000008002364                . = ALIGN (0x4)
 *(.rodata)
 .rodata        0x0000000008002364       0x10 ./Drivers/STM32F1xx_HAL_Driver/Src/stm32f1xx_hal_rcc.o
 *(.rodata*)
 .rodata.AHBPrescTable
                0x0000000008002374       0x10 ./Core/Src/system_stm32f1xx.o
                0x0000000008002374                AHBPrescTable
 .rodata.APBPrescTable
                0x0000000008002384        0x8 ./Core/Src/system_stm32f1xx.o
                0x0000000008002384                APBPrescTable
                0x000000000800238c                . = ALIGN (0x4)

.rel.dyn        0x000000000800238c        0x0
 .rel.iplt      0x000000000800238c        0x0 /opt/st/stm32cubeide_1.9.0/plugins/com.st.stm32cube.ide.mcu.externaltools.gnu-tools-for-stm32.10.3-2021.10.linux64_1.0.0.202111181127/tools/bin/../lib/gcc/arm-none-eabi/10.3.1/thumb/v7-m/nofp/crtbegin.o

.ARM.extab      0x000000000800238c        0x0
                0x000000000800238c                . = ALIGN (0x4)
 *(.ARM.extab* .gnu.linkonce.armextab.*)
                0x000000000800238c                . = ALIGN (0x4)

.ARM            0x000000000800238c        0x0
                0x000000000800238c                . = ALIGN (0x4)
                0x000000000800238c                __exidx_start = .
 *(.ARM.exidx*)
                0x000000000800238c                __exidx_end = .
                0x000000000800238c                . = ALIGN (0x4)

.preinit_array  0x000000000800238c        0x0
                0x000000000800238c                . = ALIGN (0x4)
                0x000000000800238c                PROVIDE (__preinit_array_start = .)
 *(.preinit_array*)
                0x000000000800238c                PROVIDE (__preinit_array_end = .)
                0x000000000800238c                . = ALIGN (0x4)

.init_array     0x000000000800238c        0x4
                0x000000000800238c                . = ALIGN (0x4)
                0x000000000800238c                PROVIDE (__init_array_start = .)
 *(SORT_BY_NAME(.init_array.*))
 *(.init_array*)
 .init_array    0x000000000800238c        0x4 /opt/st/stm32cubeide_1.9.0/plugins/com.st.stm32cube.ide.mcu.externaltools.gnu-tools-for-stm32.10.3-2021.10.linux64_1.0.0.202111181127/tools/bin/../lib/gcc/arm-none-eabi/10.3.1/thumb/v7-m/nofp/crtbegin.o
                0x0000000008002390                PROVIDE (__init_array_end = .)
                0x0000000008002390                . = ALIGN (0x4)

.fini_array     0x0000000008002390        0x4
                0x0000000008002390                . = ALIGN (0x4)
                [!provide]                        PROVIDE (__fini_array_start = .)
 *(SORT_BY_NAME(.fini_array.*))
 *(.fini_array*)
 .fini_array    0x0000000008002390        0x4 /opt/st/stm32cubeide_1.9.0/plugins/com.st.stm32cube.ide.mcu.externaltools.gnu-tools-for-stm32.10.3-2021.10.linux64_1.0.0.202111181127/tools/bin/../lib/gcc/arm-none-eabi/10.3.1/thumb/v7-m/nofp/crtbegin.o
                [!provide]                        PROVIDE (__fini_array_end = .)
                0x0000000008002394                . = ALIGN (0x4)
                0x0000000008002394                _sidata = LOADADDR (.data)

.data           0x0000000020000000       0x24 load address 0x0000000008002394
                0x0000000020000000                . = ALIGN (0x4)
                0x0000000020000000                _sdata = .
 *(.data)
 *(.data*)
 .data.text     0x0000000020000000       0x17 ./Core/Src/main.o
                0x0000000020000000                text
 *fill*         0x0000000020000017        0x1 
 .data.SystemCoreClock
                0x0000000020000018        0x4 ./Core/Src/system_stm32f1xx.o
                0x0000000020000018                SystemCoreClock
 .data.uwTickPrio
                0x000000002000001c        0x4 ./Drivers/STM32F1xx_HAL_Driver/Src/stm32f1xx_hal.o
                0x000000002000001c                uwTickPrio
 .data.uwTickFreq
                0x0000000020000020        0x1 ./Drivers/STM32F1xx_HAL_Driver/Src/stm32f1xx_hal.o
                0x0000000020000020                uwTickFreq
 *(.RamFunc)
 *(.RamFunc*)
                0x0000000020000024                . = ALIGN (0x4)
 *fill*         0x0000000020000021        0x3 
                0x0000000020000024                _edata = .

.igot.plt       0x0000000020000024        0x0 load address 0x00000000080023b8
 .igot.plt      0x0000000020000024        0x0 /opt/st/stm32cubeide_1.9.0/plugins/com.st.stm32cube.ide.mcu.externaltools.gnu-tools-for-stm32.10.3-2021.10.linux64_1.0.0.202111181127/tools/bin/../lib/gcc/arm-none-eabi/10.3.1/thumb/v7-m/nofp/crtbegin.o
                0x0000000020000024                . = ALIGN (0x4)

.bss            0x0000000020000024       0xac load address 0x00000000080023b8
                0x0000000020000024                _sbss = .
                0x0000000020000024                __bss_start__ = _sbss
 *(.bss)
 .bss           0x0000000020000024       0x1c /opt/st/stm32cubeide_1.9.0/plugins/com.st.stm32cube.ide.mcu.externaltools.gnu-tools-for-stm32.10.3-2021.10.linux64_1.0.0.202111181127/tools/bin/../lib/gcc/arm-none-eabi/10.3.1/thumb/v7-m/nofp/crtbegin.o
 *(.bss*)
 .bss.huart1    0x0000000020000040       0x44 ./Core/Src/main.o
                0x0000000020000040                huart1
 .bss.huart3    0x0000000020000084       0x44 ./Core/Src/main.o
                0x0000000020000084                huart3
 .bss.RX_BUFFER
                0x00000000200000c8        0x1 ./Core/Src/main.o
                0x00000000200000c8                RX_BUFFER
 *fill*         0x00000000200000c9        0x3 
 .bss.uwTick    0x00000000200000cc        0x4 ./Drivers/STM32F1xx_HAL_Driver/Src/stm32f1xx_hal.o
                0x00000000200000cc                uwTick
 *(COMMON)
                0x00000000200000d0                . = ALIGN (0x4)
                0x00000000200000d0                _ebss = .
                0x00000000200000d0                __bss_end__ = _ebss

._user_heap_stack
                0x00000000200000d0      0x600 load address 0x00000000080023b8
                0x00000000200000d0                . = ALIGN (0x8)
                [!provide]                        PROVIDE (end = .)
                0x00000000200000d0                PROVIDE (_end = .)
                0x00000000200002d0                . = (. + _Min_Heap_Size)
 *fill*         0x00000000200000d0      0x200 
                0x00000000200006d0                . = (. + _Min_Stack_Size)
 *fill*         0x00000000200002d0      0x400 
                0x00000000200006d0                . = ALIGN (0x8)

/DISCARD/
 libc.a(*)
 libm.a(*)
 libgcc.a(*)

.ARM.attributes
                0x0000000000000000       0x29
 *(.ARM.attributes)
 .ARM.attributes
                0x0000000000000000       0x1d /opt/st/stm32cubeide_1.9.0/plugins/com.st.stm32cube.ide.mcu.externaltools.gnu-tools-for-stm32.10.3-2021.10.linux64_1.0.0.202111181127/tools/bin/../lib/gcc/arm-none-eabi/10.3.1/thumb/v7-m/nofp/crti.o
 .ARM.attributes
                0x000000000000001d       0x2d /opt/st/stm32cubeide_1.9.0/plugins/com.st.stm32cube.ide.mcu.externaltools.gnu-tools-for-stm32.10.3-2021.10.linux64_1.0.0.202111181127/tools/bin/../lib/gcc/arm-none-eabi/10.3.1/thumb/v7-m/nofp/crtbegin.o
 .ARM.attributes
                0x000000000000004a       0x2d ./Core/Src/main.o
 .ARM.attributes
                0x0000000000000077       0x2d ./Core/Src/stm32f1xx_hal_msp.o
 .ARM.attributes
                0x00000000000000a4       0x2d ./Core/Src/stm32f1xx_it.o
 .ARM.attributes
                0x00000000000000d1       0x2d ./Core/Src/system_stm32f1xx.o
 .ARM.attributes
                0x00000000000000fe       0x21 ./Core/Startup/startup_stm32f103rctx.o
 .ARM.attributes
                0x000000000000011f       0x2d ./Drivers/STM32F1xx_HAL_Driver/Src/stm32f1xx_hal.o
 .ARM.attributes
                0x000000000000014c       0x2d ./Drivers/STM32F1xx_HAL_Driver/Src/stm32f1xx_hal_cortex.o
 .ARM.attributes
                0x0000000000000179       0x2d ./Drivers/STM32F1xx_HAL_Driver/Src/stm32f1xx_hal_dma.o
 .ARM.attributes
                0x00000000000001a6       0x2d ./Drivers/STM32F1xx_HAL_Driver/Src/stm32f1xx_hal_gpio.o
 .ARM.attributes
                0x00000000000001d3       0x2d ./Drivers/STM32F1xx_HAL_Driver/Src/stm32f1xx_hal_rcc.o
 .ARM.attributes
                0x0000000000000200       0x2d ./Drivers/STM32F1xx_HAL_Driver/Src/stm32f1xx_hal_uart.o
 .ARM.attributes
                0x000000000000022d       0x2d /opt/st/stm32cubeide_1.9.0/plugins/com.st.stm32cube.ide.mcu.externaltools.gnu-tools-for-stm32.10.3-2021.10.linux64_1.0.0.202111181127/tools/bin/../lib/gcc/arm-none-eabi/10.3.1/../../../../arm-none-eabi/lib/thumb/v7-m/nofp/libc_nano.a(lib_a-init.o)
 .ARM.attributes
                0x000000000000025a       0x2d /opt/st/stm32cubeide_1.9.0/plugins/com.st.stm32cube.ide.mcu.externaltools.gnu-tools-for-stm32.10.3-2021.10.linux64_1.0.0.202111181127/tools/bin/../lib/gcc/arm-none-eabi/10.3.1/../../../../arm-none-eabi/lib/thumb/v7-m/nofp/libc_nano.a(lib_a-memset.o)
 .ARM.attributes
                0x0000000000000287       0x1d /opt/st/stm32cubeide_1.9.0/plugins/com.st.stm32cube.ide.mcu.externaltools.gnu-tools-for-stm32.10.3-2021.10.linux64_1.0.0.202111181127/tools/bin/../lib/gcc/arm-none-eabi/10.3.1/thumb/v7-m/nofp/crtn.o
OUTPUT(HC-05_v1.0.elf elf32-littlearm)
LOAD linker stubs
LOAD /opt/st/stm32cubeide_1.9.0/plugins/com.st.stm32cube.ide.mcu.externaltools.gnu-tools-for-stm32.10.3-2021.10.linux64_1.0.0.202111181127/tools/bin/../lib/gcc/arm-none-eabi/10.3.1/../../../../arm-none-eabi/lib/thumb/v7-m/nofp/libc.a
LOAD /opt/st/stm32cubeide_1.9.0/plugins/com.st.stm32cube.ide.mcu.externaltools.gnu-tools-for-stm32.10.3-2021.10.linux64_1.0.0.202111181127/tools/bin/../lib/gcc/arm-none-eabi/10.3.1/../../../../arm-none-eabi/lib/thumb/v7-m/nofp/libm.a
LOAD /opt/st/stm32cubeide_1.9.0/plugins/com.st.stm32cube.ide.mcu.externaltools.gnu-tools-for-stm32.10.3-2021.10.linux64_1.0.0.202111181127/tools/bin/../lib/gcc/arm-none-eabi/10.3.1/thumb/v7-m/nofp/libgcc.a

.debug_info     0x0000000000000000     0x5c73
 .debug_info    0x0000000000000000      0xac9 ./Core/Src/main.o
 .debug_info    0x0000000000000ac9      0xa73 ./Core/Src/stm32f1xx_hal_msp.o
 .debug_info    0x000000000000153c      0x62c ./Core/Src/stm32f1xx_it.o
 .debug_info    0x0000000000001b68      0x23d ./Core/Src/system_stm32f1xx.o
 .debug_info    0x0000000000001da5       0x22 ./Core/Startup/startup_stm32f103rctx.o
 .debug_info    0x0000000000001dc7      0x79a ./Drivers/STM32F1xx_HAL_Driver/Src/stm32f1xx_hal.o
 .debug_info    0x0000000000002561      0xb86 ./Drivers/STM32F1xx_HAL_Driver/Src/stm32f1xx_hal_cortex.o
 .debug_info    0x00000000000030e7      0x73f ./Drivers/STM32F1xx_HAL_Driver/Src/stm32f1xx_hal_dma.o
 .debug_info    0x0000000000003826      0x615 ./Drivers/STM32F1xx_HAL_Driver/Src/stm32f1xx_hal_gpio.o
 .debug_info    0x0000000000003e3b      0x860 ./Drivers/STM32F1xx_HAL_Driver/Src/stm32f1xx_hal_rcc.o
 .debug_info    0x000000000000469b     0x15d8 ./Drivers/STM32F1xx_HAL_Driver/Src/stm32f1xx_hal_uart.o

.debug_abbrev   0x0000000000000000     0x1479
 .debug_abbrev  0x0000000000000000      0x25a ./Core/Src/main.o
 .debug_abbrev  0x000000000000025a      0x1b2 ./Core/Src/stm32f1xx_hal_msp.o
 .debug_abbrev  0x000000000000040c      0x15f ./Core/Src/stm32f1xx_it.o
 .debug_abbrev  0x000000000000056b      0x13b ./Core/Src/system_stm32f1xx.o
 .debug_abbrev  0x00000000000006a6       0x12 ./Core/Startup/startup_stm32f103rctx.o
 .debug_abbrev  0x00000000000006b8      0x1fb ./Drivers/STM32F1xx_HAL_Driver/Src/stm32f1xx_hal.o
 .debug_abbrev  0x00000000000008b3      0x2ed ./Drivers/STM32F1xx_HAL_Driver/Src/stm32f1xx_hal_cortex.o
 .debug_abbrev  0x0000000000000ba0      0x1fe ./Drivers/STM32F1xx_HAL_Driver/Src/stm32f1xx_hal_dma.o
 .debug_abbrev  0x0000000000000d9e      0x1bb ./Drivers/STM32F1xx_HAL_Driver/Src/stm32f1xx_hal_gpio.o
 .debug_abbrev  0x0000000000000f59      0x2a8 ./Drivers/STM32F1xx_HAL_Driver/Src/stm32f1xx_hal_rcc.o
 .debug_abbrev  0x0000000000001201      0x278 ./Drivers/STM32F1xx_HAL_Driver/Src/stm32f1xx_hal_uart.o

.debug_aranges  0x0000000000000000      0x688
 .debug_aranges
                0x0000000000000000       0x50 ./Core/Src/main.o
 .debug_aranges
                0x0000000000000050       0x30 ./Core/Src/stm32f1xx_hal_msp.o
 .debug_aranges
                0x0000000000000080       0x70 ./Core/Src/stm32f1xx_it.o
 .debug_aranges
                0x00000000000000f0       0x28 ./Core/Src/system_stm32f1xx.o
 .debug_aranges
                0x0000000000000118       0x28 ./Core/Startup/startup_stm32f103rctx.o
 .debug_aranges
                0x0000000000000140       0xe0 ./Drivers/STM32F1xx_HAL_Driver/Src/stm32f1xx_hal.o
 .debug_aranges
                0x0000000000000220      0x100 ./Drivers/STM32F1xx_HAL_Driver/Src/stm32f1xx_hal_cortex.o
 .debug_aranges
                0x0000000000000320       0x80 ./Drivers/STM32F1xx_HAL_Driver/Src/stm32f1xx_hal_dma.o
 .debug_aranges
                0x00000000000003a0       0x58 ./Drivers/STM32F1xx_HAL_Driver/Src/stm32f1xx_hal_gpio.o
 .debug_aranges
                0x00000000000003f8       0x90 ./Drivers/STM32F1xx_HAL_Driver/Src/stm32f1xx_hal_rcc.o
 .debug_aranges
                0x0000000000000488      0x200 ./Drivers/STM32F1xx_HAL_Driver/Src/stm32f1xx_hal_uart.o

.debug_ranges   0x0000000000000000      0x610
 .debug_ranges  0x0000000000000000       0x40 ./Core/Src/main.o
 .debug_ranges  0x0000000000000040       0x20 ./Core/Src/stm32f1xx_hal_msp.o
 .debug_ranges  0x0000000000000060       0x60 ./Core/Src/stm32f1xx_it.o
 .debug_ranges  0x00000000000000c0       0x18 ./Core/Src/system_stm32f1xx.o
 .debug_ranges  0x00000000000000d8       0x20 ./Core/Startup/startup_stm32f103rctx.o
 .debug_ranges  0x00000000000000f8       0xd0 ./Drivers/STM32F1xx_HAL_Driver/Src/stm32f1xx_hal.o
 .debug_ranges  0x00000000000001c8       0xf0 ./Drivers/STM32F1xx_HAL_Driver/Src/stm32f1xx_hal_cortex.o
 .debug_ranges  0x00000000000002b8       0x70 ./Drivers/STM32F1xx_HAL_Driver/Src/stm32f1xx_hal_dma.o
 .debug_ranges  0x0000000000000328       0x48 ./Drivers/STM32F1xx_HAL_Driver/Src/stm32f1xx_hal_gpio.o
 .debug_ranges  0x0000000000000370       0x80 ./Drivers/STM32F1xx_HAL_Driver/Src/stm32f1xx_hal_rcc.o
 .debug_ranges  0x00000000000003f0      0x220 ./Drivers/STM32F1xx_HAL_Driver/Src/stm32f1xx_hal_uart.o

.debug_macro    0x0000000000000000    0x17e7a
 .debug_macro   0x0000000000000000      0x1a9 ./Core/Src/main.o
 .debug_macro   0x00000000000001a9      0xa6c ./Core/Src/main.o
 .debug_macro   0x0000000000000c15      0x215 ./Core/Src/main.o
 .debug_macro   0x0000000000000e2a       0x2e ./Core/Src/main.o
 .debug_macro   0x0000000000000e58       0x22 ./Core/Src/main.o
 .debug_macro   0x0000000000000e7a       0x22 ./Core/Src/main.o
 .debug_macro   0x0000000000000e9c       0x8e ./Core/Src/main.o
 .debug_macro   0x0000000000000f2a       0x51 ./Core/Src/main.o
 .debug_macro   0x0000000000000f7b      0x103 ./Core/Src/main.o
 .debug_macro   0x000000000000107e       0x6a ./Core/Src/main.o
 .debug_macro   0x00000000000010e8      0x1df ./Core/Src/main.o
 .debug_macro   0x00000000000012c7       0x1c ./Core/Src/main.o
 .debug_macro   0x00000000000012e3       0x22 ./Core/Src/main.o
 .debug_macro   0x0000000000001305       0xbd ./Core/Src/main.o
 .debug_macro   0x00000000000013c2      0xd23 ./Core/Src/main.o
 .debug_macro   0x00000000000020e5     0xfd8c ./Core/Src/main.o
 .debug_macro   0x0000000000011e71       0x6d ./Core/Src/main.o
 .debug_macro   0x0000000000011ede     0x3468 ./Core/Src/main.o
 .debug_macro   0x0000000000015346      0x174 ./Core/Src/main.o
 .debug_macro   0x00000000000154ba       0x5c ./Core/Src/main.o
 .debug_macro   0x0000000000015516      0x5be ./Core/Src/main.o
 .debug_macro   0x0000000000015ad4      0x4d5 ./Core/Src/main.o
 .debug_macro   0x0000000000015fa9      0x1cb ./Core/Src/main.o
 .debug_macro   0x0000000000016174      0x114 ./Core/Src/main.o
 .debug_macro   0x0000000000016288      0x1ea ./Core/Src/main.o
 .debug_macro   0x0000000000016472       0x27 ./Core/Src/main.o
 .debug_macro   0x0000000000016499      0x144 ./Core/Src/main.o
 .debug_macro   0x00000000000165dd      0x1bc ./Core/Src/main.o
 .debug_macro   0x0000000000016799       0x30 ./Core/Src/main.o
 .debug_macro   0x00000000000167c9       0x3c ./Core/Src/main.o
 .debug_macro   0x0000000000016805       0x57 ./Core/Src/main.o
 .debug_macro   0x000000000001685c       0x88 ./Core/Src/main.o
 .debug_macro   0x00000000000168e4      0x24f ./Core/Src/main.o
 .debug_macro   0x0000000000016b33      0x141 ./Core/Src/main.o
 .debug_macro   0x0000000000016c74      0x279 ./Core/Src/main.o
 .debug_macro   0x0000000000016eed       0xb5 ./Core/Src/main.o
 .debug_macro   0x0000000000016fa2       0x10 ./Core/Src/main.o
 .debug_macro   0x0000000000016fb2      0x19d ./Core/Src/stm32f1xx_hal_msp.o
 .debug_macro   0x000000000001714f      0x1a7 ./Core/Src/stm32f1xx_it.o
 .debug_macro   0x00000000000172f6      0x18e ./Core/Src/system_stm32f1xx.o
 .debug_macro   0x0000000000017484      0x1b2 ./Drivers/STM32F1xx_HAL_Driver/Src/stm32f1xx_hal.o
 .debug_macro   0x0000000000017636      0x18e ./Drivers/STM32F1xx_HAL_Driver/Src/stm32f1xx_hal_cortex.o
 .debug_macro   0x00000000000177c4      0x18e ./Drivers/STM32F1xx_HAL_Driver/Src/stm32f1xx_hal_dma.o
 .debug_macro   0x0000000000017952      0x1f9 ./Drivers/STM32F1xx_HAL_Driver/Src/stm32f1xx_hal_gpio.o
 .debug_macro   0x0000000000017b4b      0x1a0 ./Drivers/STM32F1xx_HAL_Driver/Src/stm32f1xx_hal_rcc.o
 .debug_macro   0x0000000000017ceb      0x18f ./Drivers/STM32F1xx_HAL_Driver/Src/stm32f1xx_hal_uart.o

.debug_line     0x0000000000000000     0x7183
 .debug_line    0x0000000000000000      0x75e ./Core/Src/main.o
 .debug_line    0x000000000000075e      0x6aa ./Core/Src/stm32f1xx_hal_msp.o
 .debug_line    0x0000000000000e08      0x70b ./Core/Src/stm32f1xx_it.o
 .debug_line    0x0000000000001513      0x697 ./Core/Src/system_stm32f1xx.o
 .debug_line    0x0000000000001baa       0x87 ./Core/Startup/startup_stm32f103rctx.o
 .debug_line    0x0000000000001c31      0x8c4 ./Drivers/STM32F1xx_HAL_Driver/Src/stm32f1xx_hal.o
 .debug_line    0x00000000000024f5      0xaac ./Drivers/STM32F1xx_HAL_Driver/Src/stm32f1xx_hal_cortex.o
 .debug_line    0x0000000000002fa1     0x11ee ./Drivers/STM32F1xx_HAL_Driver/Src/stm32f1xx_hal_dma.o
 .debug_line    0x000000000000418f      0x983 ./Drivers/STM32F1xx_HAL_Driver/Src/stm32f1xx_hal_gpio.o
 .debug_line    0x0000000000004b12      0xcd2 ./Drivers/STM32F1xx_HAL_Driver/Src/stm32f1xx_hal_rcc.o
 .debug_line    0x00000000000057e4     0x199f ./Drivers/STM32F1xx_HAL_Driver/Src/stm32f1xx_hal_uart.o

.debug_str      0x0000000000000000    0x8c48c
 .debug_str     0x0000000000000000    0x8ac12 ./Core/Src/main.o
                                      0x8b044 (size before relaxing)
 .debug_str     0x000000000008ac12      0x3d0 ./Core/Src/stm32f1xx_hal_msp.o
                                      0x8b222 (size before relaxing)
 .debug_str     0x000000000008afe2      0x101 ./Core/Src/stm32f1xx_it.o
                                      0x8ae07 (size before relaxing)
 .debug_str     0x000000000008b0e3       0x7e ./Core/Src/system_stm32f1xx.o
                                      0x8a9c9 (size before relaxing)
 .debug_str     0x000000000008b161       0x36 ./Core/Startup/startup_stm32f103rctx.o
                                         0x7a (size before relaxing)
 .debug_str     0x000000000008b197      0x384 ./Drivers/STM32F1xx_HAL_Driver/Src/stm32f1xx_hal.o
                                      0x8b1e0 (size before relaxing)
 .debug_str     0x000000000008b51b      0x294 ./Drivers/STM32F1xx_HAL_Driver/Src/stm32f1xx_hal_cortex.o
                                      0x8b12c (size before relaxing)
 .debug_str     0x000000000008b7af      0x23a ./Drivers/STM32F1xx_HAL_Driver/Src/stm32f1xx_hal_dma.o
                                      0x8ad72 (size before relaxing)
 .debug_str     0x000000000008b9e9      0x2e1 ./Drivers/STM32F1xx_HAL_Driver/Src/stm32f1xx_hal_gpio.o
                                      0x8ad4f (size before relaxing)
 .debug_str     0x000000000008bcca      0x229 ./Drivers/STM32F1xx_HAL_Driver/Src/stm32f1xx_hal_rcc.o
                                      0x8adf8 (size before relaxing)
 .debug_str     0x000000000008bef3      0x599 ./Drivers/STM32F1xx_HAL_Driver/Src/stm32f1xx_hal_uart.o
                                      0x8b403 (size before relaxing)

.comment        0x0000000000000000       0x50
 .comment       0x0000000000000000       0x50 ./Core/Src/main.o
                                         0x51 (size before relaxing)
 .comment       0x0000000000000050       0x51 ./Core/Src/stm32f1xx_hal_msp.o
 .comment       0x0000000000000050       0x51 ./Core/Src/stm32f1xx_it.o
 .comment       0x0000000000000050       0x51 ./Core/Src/system_stm32f1xx.o
 .comment       0x0000000000000050       0x51 ./Drivers/STM32F1xx_HAL_Driver/Src/stm32f1xx_hal.o
 .comment       0x0000000000000050       0x51 ./Drivers/STM32F1xx_HAL_Driver/Src/stm32f1xx_hal_cortex.o
 .comment       0x0000000000000050       0x51 ./Drivers/STM32F1xx_HAL_Driver/Src/stm32f1xx_hal_dma.o
 .comment       0x0000000000000050       0x51 ./Drivers/STM32F1xx_HAL_Driver/Src/stm32f1xx_hal_gpio.o
 .comment       0x0000000000000050       0x51 ./Drivers/STM32F1xx_HAL_Driver/Src/stm32f1xx_hal_rcc.o
 .comment       0x0000000000000050       0x51 ./Drivers/STM32F1xx_HAL_Driver/Src/stm32f1xx_hal_uart.o

.debug_frame    0x0000000000000000     0x192c
 .debug_frame   0x0000000000000000       0xe8 ./Core/Src/main.o
 .debug_frame   0x00000000000000e8       0x80 ./Core/Src/stm32f1xx_hal_msp.o
 .debug_frame   0x0000000000000168      0x13c ./Core/Src/stm32f1xx_it.o
 .debug_frame   0x00000000000002a4       0x58 ./Core/Src/system_stm32f1xx.o
 .debug_frame   0x00000000000002fc      0x334 ./Drivers/STM32F1xx_HAL_Driver/Src/stm32f1xx_hal.o
 .debug_frame   0x0000000000000630      0x428 ./Drivers/STM32F1xx_HAL_Driver/Src/stm32f1xx_hal_cortex.o
 .debug_frame   0x0000000000000a58      0x20c ./Drivers/STM32F1xx_HAL_Driver/Src/stm32f1xx_hal_dma.o
 .debug_frame   0x0000000000000c64      0x14c ./Drivers/STM32F1xx_HAL_Driver/Src/stm32f1xx_hal_gpio.o
 .debug_frame   0x0000000000000db0      0x21c ./Drivers/STM32F1xx_HAL_Driver/Src/stm32f1xx_hal_rcc.o
 .debug_frame   0x0000000000000fcc      0x914 ./Drivers/STM32F1xx_HAL_Driver/Src/stm32f1xx_hal_uart.o
 .debug_frame   0x00000000000018e0       0x2c /opt/st/stm32cubeide_1.9.0/plugins/com.st.stm32cube.ide.mcu.externaltools.gnu-tools-for-stm32.10.3-2021.10.linux64_1.0.0.202111181127/tools/bin/../lib/gcc/arm-none-eabi/10.3.1/../../../../arm-none-eabi/lib/thumb/v7-m/nofp/libc_nano.a(lib_a-init.o)
 .debug_frame   0x000000000000190c       0x20 /opt/st/stm32cubeide_1.9.0/plugins/com.st.stm32cube.ide.mcu.externaltools.gnu-tools-for-stm32.10.3-2021.10.linux64_1.0.0.202111181127/tools/bin/../lib/gcc/arm-none-eabi/10.3.1/../../../../arm-none-eabi/lib/thumb/v7-m/nofp/libc_nano.a(lib_a-memset.o)
