../Core/Src/main.c:63:6:Forward	8	static
../Core/Src/main.c:78:6:Back	8	static
../Core/Src/main.c:93:6:Left	8	static
../Core/Src/main.c:108:6:Right	8	static
../Core/Src/main.c:123:6:Stop	8	static
../Core/Src/main.c:143:5:main	8	static
../Core/Src/main.c:196:6:HAL_UART_RxCpltCallback	16	static
../Core/Src/main.c:206:6:SystemClock_Config	72	static
../Core/Src/main.c:246:13:MX_TIM3_Init	64	static
../Core/Src/main.c:317:13:MX_USART1_UART_Init	8	static
../Core/Src/main.c:350:13:MX_USART3_UART_Init	8	static
../Core/Src/main.c:383:13:MX_GPIO_Init	40	static
../Core/Src/main.c:445:6:Error_Handler	4	static,ignoring_inline_asm
