../Core/Src/main.c:82:6:HAL_UART_RxCpltCallback	16	static
../Core/Src/main.c:88:6:Forward	8	static
../Core/Src/main.c:103:6:Back	8	static
../Core/Src/main.c:118:6:Left	8	static
../Core/Src/main.c:133:6:Right	8	static
../Core/Src/main.c:148:6:Stop	8	static
../Core/Src/main.c:162:6:Rot_right	8	static
../Core/Src/main.c:176:6:Rot_left	8	static
../Core/Src/main.c:196:5:main	8	static
../Core/Src/main.c:296:6:SystemClock_Config	72	static
../Core/Src/main.c:336:13:MX_TIM2_Init	56	static
../Core/Src/main.c:385:13:MX_TIM3_Init	56	static
../Core/Src/main.c:434:13:MX_TIM4_Init	56	static
../Core/Src/main.c:483:13:MX_TIM5_Init	56	static
../Core/Src/main.c:532:13:MX_TIM8_Init	96	static
../Core/Src/main.c:619:13:MX_USART1_UART_Init	8	static
../Core/Src/main.c:652:13:MX_GPIO_Init	40	static
../Core/Src/main.c:702:6:Error_Handler	4	static,ignoring_inline_asm
